INFO: Запуск
ERROR: Сбой
DEBUG: Проверка
ERROR: Ошибка
